// Jest Snapshot v1, https://goo.gl/fbAQLP

exports[`ProducTitle debe de mostrar el componente correctamente con el personalizado titulo 1`] = `
<span
  className="productDescription custom-class"
>
  Custom Product
</span>
`;

exports[`ProducTitle debe de mostrat el componente con el nombre del producto 1`] = `
<div
  className="productCard undefined"
>
  <span
    className="productDescription undefined"
  >
    Coffe Mug - sin imagen
  </span>
</div>
`;
